running egg_info
writing ../../build/indy_dcp_bridge/indy_dcp_bridge.egg-info/PKG-INFO
writing dependency_links to ../../build/indy_dcp_bridge/indy_dcp_bridge.egg-info/dependency_links.txt
writing entry points to ../../build/indy_dcp_bridge/indy_dcp_bridge.egg-info/entry_points.txt
writing requirements to ../../build/indy_dcp_bridge/indy_dcp_bridge.egg-info/requires.txt
writing top-level names to ../../build/indy_dcp_bridge/indy_dcp_bridge.egg-info/top_level.txt
reading manifest file '../../build/indy_dcp_bridge/indy_dcp_bridge.egg-info/SOURCES.txt'
writing manifest file '../../build/indy_dcp_bridge/indy_dcp_bridge.egg-info/SOURCES.txt'
running build
running build_py
copying indy_dcp_bridge/fjt_server_node.py -> /home/stl/JNU/connectstudy/ros2_ws/build/indy_dcp_bridge/build/lib/indy_dcp_bridge
running install
running install_lib
copying /home/stl/JNU/connectstudy/ros2_ws/build/indy_dcp_bridge/build/lib/indy_dcp_bridge/fjt_server_node.py -> /home/stl/JNU/connectstudy/ros2_ws/install/indy_dcp_bridge/lib/python3.10/site-packages/indy_dcp_bridge
byte-compiling /home/stl/JNU/connectstudy/ros2_ws/install/indy_dcp_bridge/lib/python3.10/site-packages/indy_dcp_bridge/fjt_server_node.py to fjt_server_node.cpython-310.pyc
running install_data
running install_egg_info
removing '/home/stl/JNU/connectstudy/ros2_ws/install/indy_dcp_bridge/lib/python3.10/site-packages/indy_dcp_bridge-0.0.0-py3.10.egg-info' (and everything under it)
Copying ../../build/indy_dcp_bridge/indy_dcp_bridge.egg-info to /home/stl/JNU/connectstudy/ros2_ws/install/indy_dcp_bridge/lib/python3.10/site-packages/indy_dcp_bridge-0.0.0-py3.10.egg-info
running install_scripts
Installing indy_dcp_fjt_server_node script to /home/stl/JNU/connectstudy/ros2_ws/install/indy_dcp_bridge/lib/indy_dcp_bridge
Installing indy_dcp_joint_state_node script to /home/stl/JNU/connectstudy/ros2_ws/install/indy_dcp_bridge/lib/indy_dcp_bridge
writing list of installed files to '/home/stl/JNU/connectstudy/ros2_ws/build/indy_dcp_bridge/install.log'
