/home/stl/JNU/connectstudy/ros2_ws/install/indy_dcp_bridge/lib/python3.10/site-packages/indy_dcp_bridge/joint_state_node copy.py
/home/stl/JNU/connectstudy/ros2_ws/install/indy_dcp_bridge/lib/python3.10/site-packages/indy_dcp_bridge/__init__.py
/home/stl/JNU/connectstudy/ros2_ws/install/indy_dcp_bridge/lib/python3.10/site-packages/indy_dcp_bridge/indy_program_maker.py
/home/stl/JNU/connectstudy/ros2_ws/install/indy_dcp_bridge/lib/python3.10/site-packages/indy_dcp_bridge/indydcp_client.py
/home/stl/JNU/connectstudy/ros2_ws/install/indy_dcp_bridge/lib/python3.10/site-packages/indy_dcp_bridge/fjt_server_node.py
/home/stl/JNU/connectstudy/ros2_ws/install/indy_dcp_bridge/lib/python3.10/site-packages/indy_dcp_bridge/joint_state_node.py
/home/stl/JNU/connectstudy/ros2_ws/install/indy_dcp_bridge/lib/python3.10/site-packages/indy_dcp_bridge/tcp_dither_test.py
/home/stl/JNU/connectstudy/ros2_ws/install/indy_dcp_bridge/lib/python3.10/site-packages/indy_dcp_bridge/__pycache__/joint_state_node copy.cpython-310.pyc
/home/stl/JNU/connectstudy/ros2_ws/install/indy_dcp_bridge/lib/python3.10/site-packages/indy_dcp_bridge/__pycache__/__init__.cpython-310.pyc
/home/stl/JNU/connectstudy/ros2_ws/install/indy_dcp_bridge/lib/python3.10/site-packages/indy_dcp_bridge/__pycache__/indy_program_maker.cpython-310.pyc
/home/stl/JNU/connectstudy/ros2_ws/install/indy_dcp_bridge/lib/python3.10/site-packages/indy_dcp_bridge/__pycache__/indydcp_client.cpython-310.pyc
/home/stl/JNU/connectstudy/ros2_ws/install/indy_dcp_bridge/lib/python3.10/site-packages/indy_dcp_bridge/__pycache__/fjt_server_node.cpython-310.pyc
/home/stl/JNU/connectstudy/ros2_ws/install/indy_dcp_bridge/lib/python3.10/site-packages/indy_dcp_bridge/__pycache__/joint_state_node.cpython-310.pyc
/home/stl/JNU/connectstudy/ros2_ws/install/indy_dcp_bridge/lib/python3.10/site-packages/indy_dcp_bridge/__pycache__/tcp_dither_test.cpython-310.pyc
/home/stl/JNU/connectstudy/ros2_ws/install/indy_dcp_bridge/share/ament_index/resource_index/packages/indy_dcp_bridge
/home/stl/JNU/connectstudy/ros2_ws/install/indy_dcp_bridge/share/indy_dcp_bridge/package.xml
/home/stl/JNU/connectstudy/ros2_ws/install/indy_dcp_bridge/lib/python3.10/site-packages/indy_dcp_bridge-0.0.0-py3.10.egg-info/dependency_links.txt
/home/stl/JNU/connectstudy/ros2_ws/install/indy_dcp_bridge/lib/python3.10/site-packages/indy_dcp_bridge-0.0.0-py3.10.egg-info/PKG-INFO
/home/stl/JNU/connectstudy/ros2_ws/install/indy_dcp_bridge/lib/python3.10/site-packages/indy_dcp_bridge-0.0.0-py3.10.egg-info/top_level.txt
/home/stl/JNU/connectstudy/ros2_ws/install/indy_dcp_bridge/lib/python3.10/site-packages/indy_dcp_bridge-0.0.0-py3.10.egg-info/zip-safe
/home/stl/JNU/connectstudy/ros2_ws/install/indy_dcp_bridge/lib/python3.10/site-packages/indy_dcp_bridge-0.0.0-py3.10.egg-info/requires.txt
/home/stl/JNU/connectstudy/ros2_ws/install/indy_dcp_bridge/lib/python3.10/site-packages/indy_dcp_bridge-0.0.0-py3.10.egg-info/SOURCES.txt
/home/stl/JNU/connectstudy/ros2_ws/install/indy_dcp_bridge/lib/python3.10/site-packages/indy_dcp_bridge-0.0.0-py3.10.egg-info/entry_points.txt
/home/stl/JNU/connectstudy/ros2_ws/install/indy_dcp_bridge/lib/indy_dcp_bridge/indy_dcp_fjt_server_node
/home/stl/JNU/connectstudy/ros2_ws/install/indy_dcp_bridge/lib/indy_dcp_bridge/indy_dcp_tcp_dither
